nohup: ignoring input
[INFO] Scanning for projects...
[INFO] 
[INFO] --------------------< com.sd:url-shortener-service >--------------------
[INFO] Building  0.0.1-SNAPSHOT
[INFO]   from pom.xml
[INFO] --------------------------------[ jar ]---------------------------------
[INFO] 
[INFO] >>> spring-boot:4.0.4:run (default-cli) > test-compile @ url-shortener-service >>>
[INFO] 
[INFO] --- resources:3.3.1:resources (default-resources) @ url-shortener-service ---
[INFO] Copying 1 resource from src/main/resources to target/classes
[INFO] Copying 0 resource from src/main/resources to target/classes
[INFO] 
[INFO] --- compiler:3.14.1:compile (default-compile) @ url-shortener-service ---
[INFO] Nothing to compile - all classes are up to date.
[INFO] 
[INFO] --- resources:3.3.1:testResources (default-testResources) @ url-shortener-service ---
[INFO] skip non existing resourceDirectory /home/rishikesh_kesavan/Documents/RISHI/sys-deep/foundational-utilities/url-shortener/url-shortener-service/src/test/resources
[INFO] 
[INFO] --- compiler:3.14.1:testCompile (default-testCompile) @ url-shortener-service ---
[INFO] Nothing to compile - all classes are up to date.
[INFO] 
[INFO] <<< spring-boot:4.0.4:run (default-cli) < test-compile @ url-shortener-service <<<
[INFO] 
[INFO] 
[INFO] --- spring-boot:4.0.4:run (default-cli) @ url-shortener-service ---
[INFO] Attaching agents: []

  .   ____          _            __ _ _
 /\\ / ___'_ __ _ _(_)_ __  __ _ \ \ \ \
( ( )\___ | '_ | '_| | '_ \/ _` | \ \ \ \
 \\/  ___)| |_)| | | | | || (_| |  ) ) ) )
  '  |____| .__|_| |_|_| |_\__, | / / / /
 =========|_|==============|___/=/_/_/_/

 :: Spring Boot ::                (v4.0.4)

2026-03-24T16:51:52.866+05:30  INFO 110864 --- [url-shortener-service] [           main] c.s.u.UrlShortenerServiceApplication     : Starting UrlShortenerServiceApplication using Java 21.0.10 with PID 110864 (/home/rishikesh_kesavan/Documents/RISHI/sys-deep/foundational-utilities/url-shortener/url-shortener-service/target/classes started by rishikesh_kesavan in /home/rishikesh_kesavan/Documents/RISHI/sys-deep/foundational-utilities/url-shortener/url-shortener-service)
2026-03-24T16:51:52.869+05:30  INFO 110864 --- [url-shortener-service] [           main] c.s.u.UrlShortenerServiceApplication     : No active profile set, falling back to 1 default profile: "default"
2026-03-24T16:51:53.622+05:30  INFO 110864 --- [url-shortener-service] [           main] .s.d.r.c.RepositoryConfigurationDelegate : Multiple Spring Data modules found, entering strict repository configuration mode
2026-03-24T16:51:53.624+05:30  INFO 110864 --- [url-shortener-service] [           main] .s.d.r.c.RepositoryConfigurationDelegate : Bootstrapping Spring Data JPA repositories in DEFAULT mode.
2026-03-24T16:51:53.772+05:30  INFO 110864 --- [url-shortener-service] [           main] .s.d.r.c.RepositoryConfigurationDelegate : Finished Spring Data repository scanning in 137 ms. Found 1 JPA repository interface.
2026-03-24T16:51:53.820+05:30  INFO 110864 --- [url-shortener-service] [           main] .s.d.r.c.RepositoryConfigurationDelegate : Multiple Spring Data modules found, entering strict repository configuration mode
2026-03-24T16:51:53.821+05:30  INFO 110864 --- [url-shortener-service] [           main] .s.d.r.c.RepositoryConfigurationDelegate : Bootstrapping Spring Data Redis repositories in DEFAULT mode.
2026-03-24T16:51:53.839+05:30  INFO 110864 --- [url-shortener-service] [           main] .RepositoryConfigurationExtensionSupport : Spring Data Redis - Could not safely identify store assignment for repository candidate interface com.sd.url_shortener_service.repository.UrlRepository; If you want this repository to be a Redis repository, consider annotating your entities with one of these annotations: org.springframework.data.redis.core.RedisHash (preferred), or consider extending one of the following types with your repository: org.springframework.data.keyvalue.repository.KeyValueRepository
2026-03-24T16:51:53.840+05:30  INFO 110864 --- [url-shortener-service] [           main] .s.d.r.c.RepositoryConfigurationDelegate : Finished Spring Data repository scanning in 6 ms. Found 0 Redis repository interfaces.
2026-03-24T16:51:54.405+05:30  INFO 110864 --- [url-shortener-service] [           main] o.s.boot.tomcat.TomcatWebServer          : Tomcat initialized with port 8080 (http)
2026-03-24T16:51:54.447+05:30  INFO 110864 --- [url-shortener-service] [           main] o.apache.catalina.core.StandardService   : Starting service [Tomcat]
2026-03-24T16:51:54.447+05:30  INFO 110864 --- [url-shortener-service] [           main] o.apache.catalina.core.StandardEngine    : Starting Servlet engine: [Apache Tomcat/11.0.18]
2026-03-24T16:51:54.504+05:30  INFO 110864 --- [url-shortener-service] [           main] b.w.c.s.WebApplicationContextInitializer : Root WebApplicationContext: initialization completed in 1579 ms
2026-03-24T16:51:54.686+05:30  INFO 110864 --- [url-shortener-service] [           main] org.hibernate.orm.jpa                    : HHH008540: Processing PersistenceUnitInfo [name: default]
2026-03-24T16:51:54.748+05:30  INFO 110864 --- [url-shortener-service] [           main] org.hibernate.orm.core                   : HHH000001: Hibernate ORM core version 7.2.7.Final
2026-03-24T16:51:55.192+05:30  INFO 110864 --- [url-shortener-service] [           main] o.s.o.j.p.SpringPersistenceUnitInfo      : No LoadTimeWeaver setup: ignoring JPA class transformer
2026-03-24T16:51:55.227+05:30  INFO 110864 --- [url-shortener-service] [           main] com.zaxxer.hikari.HikariDataSource       : HikariPool-1 - Starting...
2026-03-24T16:51:55.404+05:30  INFO 110864 --- [url-shortener-service] [           main] com.zaxxer.hikari.pool.HikariPool        : HikariPool-1 - Added connection org.postgresql.jdbc.PgConnection@4d4c4b14
2026-03-24T16:51:55.406+05:30  INFO 110864 --- [url-shortener-service] [           main] com.zaxxer.hikari.HikariDataSource       : HikariPool-1 - Start completed.
2026-03-24T16:51:55.439+05:30  WARN 110864 --- [url-shortener-service] [           main] org.hibernate.orm.deprecation            : HHH90000025: PostgreSQLDialect does not need to be specified explicitly using 'hibernate.dialect' (remove the property setting and it will be selected by default)
2026-03-24T16:51:55.464+05:30  INFO 110864 --- [url-shortener-service] [           main] org.hibernate.orm.connections.pooling    : HHH10001005: Database info:
	Database JDBC URL [jdbc:postgresql://localhost:5432/url_shortener]
	Database driver: PostgreSQL JDBC Driver
	Database dialect: PostgreSQLDialect
	Database version: 15.17
	Default catalog/schema: url_shortener/public
	Autocommit mode: undefined/unknown
	Isolation level: READ_COMMITTED [default READ_COMMITTED]
	JDBC fetch size: none
	Pool: DataSourceConnectionProvider
	Minimum pool size: undefined/unknown
	Maximum pool size: undefined/unknown
2026-03-24T16:51:56.430+05:30  INFO 110864 --- [url-shortener-service] [           main] org.hibernate.orm.core                   : HHH000489: No JTA platform available (set 'hibernate.transaction.jta.platform' to enable JTA platform integration)
2026-03-24T16:51:56.501+05:30  INFO 110864 --- [url-shortener-service] [           main] j.LocalContainerEntityManagerFactoryBean : Initialized JPA EntityManagerFactory for persistence unit 'default'
2026-03-24T16:51:56.592+05:30  INFO 110864 --- [url-shortener-service] [           main] o.s.d.j.r.query.QueryEnhancerFactories   : Hibernate is in classpath; If applicable, HQL parser will be used.
2026-03-24T16:51:57.175+05:30  WARN 110864 --- [url-shortener-service] [           main] JpaBaseConfiguration$JpaWebConfiguration : spring.jpa.open-in-view is enabled by default. Therefore, database queries may be performed during view rendering. Explicitly configure spring.jpa.open-in-view to disable this warning
2026-03-24T16:51:57.610+05:30  INFO 110864 --- [url-shortener-service] [           main] o.s.boot.tomcat.TomcatWebServer          : Tomcat started on port 8080 (http) with context path '/'
2026-03-24T16:51:57.620+05:30  INFO 110864 --- [url-shortener-service] [           main] c.s.u.UrlShortenerServiceApplication     : Started UrlShortenerServiceApplication in 5.213 seconds (process running for 5.596)
2026-03-24T16:53:09.051+05:30  INFO 110864 --- [url-shortener-service] [omcat-handler-0] o.a.c.c.C.[Tomcat].[localhost].[/]       : Initializing Spring DispatcherServlet 'dispatcherServlet'
2026-03-24T16:53:09.051+05:30  INFO 110864 --- [url-shortener-service] [omcat-handler-0] o.s.web.servlet.DispatcherServlet        : Initializing Servlet 'dispatcherServlet'
2026-03-24T16:53:09.053+05:30  INFO 110864 --- [url-shortener-service] [omcat-handler-0] o.s.web.servlet.DispatcherServlet        : Completed initialization in 2 ms
2026-03-24T16:53:09.244+05:30  INFO 110864 --- [url-shortener-service] [omcat-handler-0] c.s.u.controller.UrlShortenerController  : Request received to shorten URL: https://www.google.com
2026-03-24T16:53:09.257+05:30  INFO 110864 --- [url-shortener-service] [omcat-handler-0] c.s.u.service.UrlShortenerService        : Shortening URL: https://www.google.com
2026-03-24T16:53:27.219+05:30  INFO 110864 --- [url-shortener-service] [omcat-handler-1] c.s.u.controller.UrlShortenerController  : Request received to redirect for key: 8
2026-03-24T16:53:27.219+05:30  INFO 110864 --- [url-shortener-service] [omcat-handler-1] c.s.u.service.UrlShortenerService        : Fetching original URL for key: 8
2026-03-24T16:53:27.223+05:30  INFO 110864 --- [url-shortener-service] [omcat-handler-1] c.s.u.service.UrlShortenerService        : Cache hit for key: 8
